// Jest Snapshot v1, https://goo.gl/fbAQLP

exports[`Component should show Hello World as text 1`] = `
<div>
  Hello 
  World
</div>
`;
